// Jest Snapshot v1, https://goo.gl/fbAQLP

exports[`<GifGrid /> tests should show correctly 1`] = `
<Fragment>
  <h3
    className="animate__fadeIn"
  >
    I'm a category
  </h3>
  <p
    className="animate__flash"
  >
    Loading
  </p>
  <div
    className="card-grid"
  />
</Fragment>
`;
