// Jest Snapshot v1, https://goo.gl/fbAQLP

exports[`Pruebas en <PrimeraApp /> should show <PrimeraApp /> correctly 1`] = `
<Fragment>
  <h1>
    hola hola
  </h1>
  <p>
    Soy un subtitulo
  </p>
</Fragment>
`;
